// Jest Snapshot v1, https://goo.gl/fbAQLP

exports[`Button UnitTest Snapshot Test Of Button 1`] = `
<DocumentFragment>
  <button
    class="button default size-S"
  />
</DocumentFragment>
`;
