// Jest Snapshot v1, https://goo.gl/fbAQLP

exports[`Input UnitTest Snapshot Test Of Input 1`] = `
<DocumentFragment>
  <input
    class="input"
  />
</DocumentFragment>
`;
