// Jest Snapshot v1, https://goo.gl/fbAQLP

exports[`BirthdayInput UnitTest Snapshot Test Of BirthdayInput 1`] = `
<DocumentFragment>
  <input
    class="birthdayInput"
  />
</DocumentFragment>
`;
