// Jest Snapshot v1, https://goo.gl/fbAQLP

exports[`ArticleEditorModal UnitTest Snapshot Test Of ArticleEditorModal 1`] = `
<DocumentFragment>
  <dialog
    class="dialog"
  >
    <div
      class="contents"
    >
      <div
        class="header view"
      >
        <span>
          詳細
        </span>
        <svg
          class="closeIcon"
          fill="currentColor"
          height="1em"
          stroke="currentColor"
          stroke-width="0"
          viewBox="0 0 512 512"
          width="1em"
          xmlns="http://www.w3.org/2000/svg"
        >
          <path
            d="M405 136.798L375.202 107 256 226.202 136.798 107 107 136.798 226.202 256 107 375.202 136.798 405 256 285.798 375.202 405 405 375.202 285.798 256z"
          />
        </svg>
      </div>
      <div
        class="form"
      >
        <div
          class="viewLabel"
        >
          タイトル
        </div>
        <div
          class="viewTitle"
        />
        <div
          class="viewLabel"
        >
          内容
        </div>
        <div
          class="viewContent"
        />
      </div>
      <div
        class=""
      />
    </div>
  </dialog>
</DocumentFragment>
`;
